// Jest Snapshot v1, https://goo.gl/fbAQLP

exports[`matches snapshot 1`] = `
<PageWrapper>
  <div
    className="background youthBackground"
  >
    <Header />
    <HostingBox
      className="hostingBox"
    >
      <div />
    </HostingBox>
    <Footer />
  </div>
</PageWrapper>
`;
