// Jest Snapshot v1, https://goo.gl/fbAQLP

exports[`<DateInput /> should render expectedly 1`] = `undefined`;
