// Jest Snapshot v1, https://goo.gl/fbAQLP

exports[`matches snapshot 1`] = `
<div
  className="container"
>
  <h1>
    J채ss채rihakemus hyv채ksytty!
  </h1>
  <p>
    Kiitos kun varmistit nuorisopalveluiden j채senyyden.
  </p>
</div>
`;
