// Jest Snapshot v1, https://goo.gl/fbAQLP

exports[`matches snapshot 1`] = `
<Fragment>
  <div
    className="background"
  />
  <PageContent>
    <div
      className="innerWrapper"
    >
      <AccessibilityStatementFi />
    </div>
  </PageContent>
</Fragment>
`;
