// Jest Snapshot v1, https://goo.gl/fbAQLP

exports[`matches snapshot 1`] = `
<div
  className="wrapper"
>
  <Koros
    className="koros"
  />
  <footer
    className="footer"
  >
    <div
      className="content"
    >
      <HelsinkiLogo
        className="logo"
      />
      <hr />
      <div
        className="textContainer"
      >
        <span>
          © 
          © Helsingin kaupunki
           •
           
          Kaikki oikeudet pidätetään
           •
           
          <a
            className="links"
            href="https://www.hel.fi/static/liitteet/kanslia/rekisteriselosteet/Kuva/Kuva-EU-Nuorisopalvelujen-jasenrekisteri.pdf"
          >
            Rekisteriseloste
          </a>
           
          | 
          <Link
            className="links"
            to="/accessibility"
          >
            Saavutettavuusseloste
          </Link>
        </span>
        <a
          className="feedback"
          href="https://www.hel.fi/kulttuurin-ja-vapaa-ajan-toimiala/fi/yhteystiedot-ja-palaute/Anna+palautetta/"
          rel="noopener noreferrer"
          target="_blank"
        >
          Anna palautetta
        </a>
      </div>
    </div>
  </footer>
</div>
`;
